2026.02.03 10:11:30 INFO  Started: Metals version 1.6.5 in folders 'C:\College\Stage_4_Term_2\COMP30540_Game_Development\RunnerGuy' for client Visual Studio Code 1.108.2.
2026.02.03 10:11:30 INFO  Memory monitor started
2026.02.03 10:11:31 WARN  Using H2 2.4.240 which is newer than the version Flyway has been verified with. The latest verified version of H2 is 2.3.232.
2026.02.03 10:11:31 INFO  no build target found for C:\College\Stage_4_Term_2\COMP30540_Game_Development\RunnerGuy\src\MainWindow.java. Using fallback presentation compiler.
Feb 03, 2026 10:11:33 AM org.eclipse.lsp4j.jsonrpc.RemoteEndpoint handleCancellation
WARNING: Unmatched cancel notification for request id 2
Feb 03, 2026 10:11:33 AM org.eclipse.lsp4j.jsonrpc.RemoteEndpoint handleCancellation
WARNING: Unmatched cancel notification for request id 1
2026.02.03 10:11:33 WARN  no build tool detected in workspace 'C:\College\Stage_4_Term_2\COMP30540_Game_Development\RunnerGuy'. The most common cause for this problem is that the editor was opened in the wrong working directory, for example if you use sbt then the workspace directory should contain build.sbt. 
2026.02.03 10:11:33 WARN  Build server is not auto-connectable.
2026.02.03 10:11:33 WARN  no build target for: C:\College\Stage_4_Term_2\COMP30540_Game_Development\RunnerGuy\src\MainWindow.java
2026.02.03 10:11:39 WARN  no build target for: C:\College\Stage_4_Term_2\COMP30540_Game_Development\RunnerGuy\src\MainWindow.java
2026.02.03 10:11:39 INFO  no build target found for C:\College\Stage_4_Term_2\COMP30540_Game_Development\RunnerGuy\src\MainWindow.java. Using fallback presentation compiler.
2026.02.03 10:11:39 INFO  no build target found for C:\College\Stage_4_Term_2\COMP30540_Game_Development\RunnerGuy\src\MainWindow.java. Using fallback presentation compiler.
Feb 03, 2026 10:11:40 AM org.eclipse.lsp4j.jsonrpc.RemoteEndpoint handleCancellation
WARNING: Unmatched cancel notification for request id 13
2026.02.03 10:11:39 INFO  no build target found for C:\College\Stage_4_Term_2\COMP30540_Game_Development\RunnerGuy\src\MainWindow.java. Using fallback presentation compiler.
Feb 03, 2026 10:11:41 AM org.eclipse.lsp4j.jsonrpc.RemoteEndpoint handleCancellation
WARNING: Unmatched cancel notification for request id 11
2026.02.03 10:11:41 INFO  no build target found for C:\College\Stage_4_Term_2\COMP30540_Game_Development\RunnerGuy\src\MainWindow.java. Using fallback presentation compiler.
Feb 03, 2026 10:11:41 AM org.eclipse.lsp4j.jsonrpc.RemoteEndpoint handleCancellation
WARNING: Unmatched cancel notification for request id 15
2026.02.03 10:11:41 INFO  no build target found for C:\College\Stage_4_Term_2\COMP30540_Game_Development\RunnerGuy\src\MainWindow.java. Using fallback presentation compiler.
2026.02.03 10:12:04 INFO  no build target found for C:\College\Stage_4_Term_2\COMP30540_Game_Development\RunnerGuy\src\MainWindow.java. Using fallback presentation compiler.
2026.02.03 10:12:08 INFO  no build target found for C:\College\Stage_4_Term_2\COMP30540_Game_Development\RunnerGuy\src\MainWindow.java. Using fallback presentation compiler.
2026.02.03 10:12:08 INFO  no build target found for C:\College\Stage_4_Term_2\COMP30540_Game_Development\RunnerGuy\src\MainWindow.java. Using fallback presentation compiler.
2026.02.03 10:12:12 INFO  no build target found for C:\College\Stage_4_Term_2\COMP30540_Game_Development\RunnerGuy\src\MainWindow.java. Using fallback presentation compiler.
2026.02.03 10:12:12 INFO  no build target found for C:\College\Stage_4_Term_2\COMP30540_Game_Development\RunnerGuy\src\MainWindow.java. Using fallback presentation compiler.
2026.02.03 10:12:12 INFO  no build target found for C:\College\Stage_4_Term_2\COMP30540_Game_Development\RunnerGuy\src\MainWindow.java. Using fallback presentation compiler.
2026.02.03 10:12:15 INFO  no build target found for C:\College\Stage_4_Term_2\COMP30540_Game_Development\RunnerGuy\src\MainWindow.java. Using fallback presentation compiler.
2026.02.03 10:12:25 INFO  no build target found for C:\College\Stage_4_Term_2\COMP30540_Game_Development\RunnerGuy\src\MainWindow.java. Using fallback presentation compiler.
2026.02.03 10:12:25 INFO  no build target found for C:\College\Stage_4_Term_2\COMP30540_Game_Development\RunnerGuy\src\MainWindow.java. Using fallback presentation compiler.
2026.02.03 10:12:28 INFO  no build target found for C:\College\Stage_4_Term_2\COMP30540_Game_Development\RunnerGuy\src\MainWindow.java. Using fallback presentation compiler.
2026.02.03 10:12:29 INFO  no build target found for C:\College\Stage_4_Term_2\COMP30540_Game_Development\RunnerGuy\src\MainWindow.java. Using fallback presentation compiler.
2026.02.03 10:12:36 INFO  no build target found for C:\College\Stage_4_Term_2\COMP30540_Game_Development\RunnerGuy\src\MainWindow.java. Using fallback presentation compiler.
2026.02.03 10:12:36 INFO  no build target found for C:\College\Stage_4_Term_2\COMP30540_Game_Development\RunnerGuy\src\MainWindow.java. Using fallback presentation compiler.
2026.02.03 10:12:37 INFO  no build target found for C:\College\Stage_4_Term_2\COMP30540_Game_Development\RunnerGuy\src\MainWindow.java. Using fallback presentation compiler.
2026.02.03 10:12:40 INFO  no build target found for C:\College\Stage_4_Term_2\COMP30540_Game_Development\RunnerGuy\src\MainWindow.java. Using fallback presentation compiler.
2026.02.03 10:12:40 INFO  no build target found for C:\College\Stage_4_Term_2\COMP30540_Game_Development\RunnerGuy\src\MainWindow.java. Using fallback presentation compiler.
2026.02.03 10:12:40 INFO  no build target found for C:\College\Stage_4_Term_2\COMP30540_Game_Development\RunnerGuy\src\MainWindow.java. Using fallback presentation compiler.
2026.02.03 10:12:45 INFO  no build target found for C:\College\Stage_4_Term_2\COMP30540_Game_Development\RunnerGuy\src\MainWindow.java. Using fallback presentation compiler.
2026.02.03 10:12:45 INFO  no build target found for C:\College\Stage_4_Term_2\COMP30540_Game_Development\RunnerGuy\src\MainWindow.java. Using fallback presentation compiler.
2026.02.03 10:12:45 INFO  no build target found for C:\College\Stage_4_Term_2\COMP30540_Game_Development\RunnerGuy\src\MainWindow.java. Using fallback presentation compiler.
2026.02.03 10:12:48 INFO  no build target found for C:\College\Stage_4_Term_2\COMP30540_Game_Development\RunnerGuy\src\MainWindow.java. Using fallback presentation compiler.
2026.02.03 10:12:48 INFO  no build target found for C:\College\Stage_4_Term_2\COMP30540_Game_Development\RunnerGuy\src\MainWindow.java. Using fallback presentation compiler.
2026.02.03 10:12:49 INFO  no build target found for C:\College\Stage_4_Term_2\COMP30540_Game_Development\RunnerGuy\src\MainWindow.java. Using fallback presentation compiler.
2026.02.03 10:12:49 INFO  no build target found for C:\College\Stage_4_Term_2\COMP30540_Game_Development\RunnerGuy\src\MainWindow.java. Using fallback presentation compiler.
Feb 03, 2026 10:12:53 AM org.eclipse.lsp4j.jsonrpc.services.GenericEndpoint notify
INFO: Unsupported notification method: $/setTrace
Feb 03, 2026 10:12:56 AM org.eclipse.lsp4j.jsonrpc.services.GenericEndpoint notify
INFO: Unsupported notification method: $/setTrace
2026.02.03 10:13:13 INFO  no build target found for C:\College\Stage_4_Term_2\COMP30540_Game_Development\RunnerGuy\src\MainWindow.java. Using fallback presentation compiler.
2026.02.03 10:13:13 INFO  no build target found for C:\College\Stage_4_Term_2\COMP30540_Game_Development\RunnerGuy\src\MainWindow.java. Using fallback presentation compiler.
2026.02.03 10:13:15 INFO  no build target found for C:\College\Stage_4_Term_2\COMP30540_Game_Development\RunnerGuy\src\MainWindow.java. Using fallback presentation compiler.
2026.02.03 10:13:15 INFO  no build target found for C:\College\Stage_4_Term_2\COMP30540_Game_Development\RunnerGuy\src\MainWindow.java. Using fallback presentation compiler.
2026.02.03 10:13:20 INFO  no build target found for C:\College\Stage_4_Term_2\COMP30540_Game_Development\RunnerGuy\src\MainWindow.java. Using fallback presentation compiler.
Feb 03, 2026 10:13:20 AM org.eclipse.lsp4j.jsonrpc.RemoteEndpoint handleCancellation
WARNING: Unmatched cancel notification for request id 56
2026.02.03 10:13:22 INFO  no build target found for C:\College\Stage_4_Term_2\COMP30540_Game_Development\RunnerGuy\src\MainWindow.java. Using fallback presentation compiler.
2026.02.03 10:13:22 INFO  no build target found for C:\College\Stage_4_Term_2\COMP30540_Game_Development\RunnerGuy\src\MainWindow.java. Using fallback presentation compiler.
2026.02.03 10:13:22 INFO  no build target found for C:\College\Stage_4_Term_2\COMP30540_Game_Development\RunnerGuy\src\MainWindow.java. Using fallback presentation compiler.
2026.02.03 10:13:23 INFO  no build target found for C:\College\Stage_4_Term_2\COMP30540_Game_Development\RunnerGuy\src\MainWindow.java. Using fallback presentation compiler.
2026.02.03 10:13:23 INFO  no build target found for C:\College\Stage_4_Term_2\COMP30540_Game_Development\RunnerGuy\src\MainWindow.java. Using fallback presentation compiler.
2026.02.03 10:13:24 INFO  no build target found for C:\College\Stage_4_Term_2\COMP30540_Game_Development\RunnerGuy\src\MainWindow.java. Using fallback presentation compiler.
2026.02.03 10:13:24 INFO  no build target found for C:\College\Stage_4_Term_2\COMP30540_Game_Development\RunnerGuy\src\MainWindow.java. Using fallback presentation compiler.
2026.02.03 10:13:24 INFO  no build target found for C:\College\Stage_4_Term_2\COMP30540_Game_Development\RunnerGuy\src\MainWindow.java. Using fallback presentation compiler.
2026.02.03 10:13:32 INFO  no build target found for C:\College\Stage_4_Term_2\COMP30540_Game_Development\RunnerGuy\src\MainWindow.java. Using fallback presentation compiler.
2026.02.03 10:13:33 INFO  no build target found for C:\College\Stage_4_Term_2\COMP30540_Game_Development\RunnerGuy\src\MainWindow.java. Using fallback presentation compiler.
Feb 03, 2026 10:13:33 AM org.eclipse.lsp4j.jsonrpc.RemoteEndpoint handleCancellation
WARNING: Unmatched cancel notification for request id 69
2026.02.03 10:13:37 INFO  no build target found for C:\College\Stage_4_Term_2\COMP30540_Game_Development\RunnerGuy\src\MainWindow.java. Using fallback presentation compiler.
2026.02.03 10:13:37 INFO  no build target found for C:\College\Stage_4_Term_2\COMP30540_Game_Development\RunnerGuy\src\MainWindow.java. Using fallback presentation compiler.
2026.02.03 10:13:38 INFO  no build target found for C:\College\Stage_4_Term_2\COMP30540_Game_Development\RunnerGuy\src\MainWindow.java. Using fallback presentation compiler.
2026.02.03 10:13:47 INFO  no build target found for C:\College\Stage_4_Term_2\COMP30540_Game_Development\RunnerGuy\src\MainWindow.java. Using fallback presentation compiler.
2026.02.03 10:13:47 INFO  no build target found for C:\College\Stage_4_Term_2\COMP30540_Game_Development\RunnerGuy\src\MainWindow.java. Using fallback presentation compiler.
2026.02.03 10:13:49 INFO  no build target found for C:\College\Stage_4_Term_2\COMP30540_Game_Development\RunnerGuy\src\MainWindow.java. Using fallback presentation compiler.
2026.02.03 10:13:50 INFO  no build target found for C:\College\Stage_4_Term_2\COMP30540_Game_Development\RunnerGuy\src\MainWindow.java. Using fallback presentation compiler.
2026.02.03 10:13:55 WARN  no build target for: C:\College\Stage_4_Term_2\COMP30540_Game_Development\RunnerGuy\src\Controller.java
2026.02.03 10:13:55 INFO  no build target found for C:\College\Stage_4_Term_2\COMP30540_Game_Development\RunnerGuy\src\Controller.java. Using fallback presentation compiler.
2026.02.03 10:13:55 INFO  no build target found for C:\College\Stage_4_Term_2\COMP30540_Game_Development\RunnerGuy\src\Controller.java. Using fallback presentation compiler.
2026.02.03 10:13:56 INFO  no build target found for C:\College\Stage_4_Term_2\COMP30540_Game_Development\RunnerGuy\src\Controller.java. Using fallback presentation compiler.
2026.02.03 10:13:57 INFO  no build target found for C:\College\Stage_4_Term_2\COMP30540_Game_Development\RunnerGuy\src\Controller.java. Using fallback presentation compiler.
2026.02.03 10:14:08 INFO  no build target found for C:\College\Stage_4_Term_2\COMP30540_Game_Development\RunnerGuy\src\Controller.java. Using fallback presentation compiler.
2026.02.03 10:14:08 WARN  no build target for: C:\College\Stage_4_Term_2\COMP30540_Game_Development\RunnerGuy\Controller.java
2026.02.03 10:14:08 INFO  no build target found for C:\College\Stage_4_Term_2\COMP30540_Game_Development\RunnerGuy\Controller.java. Using fallback presentation compiler.
2026.02.03 10:14:08 INFO  no build target found for C:\College\Stage_4_Term_2\COMP30540_Game_Development\RunnerGuy\Controller.java. Using fallback presentation compiler.
2026.02.03 10:14:08 INFO  no build target found for C:\College\Stage_4_Term_2\COMP30540_Game_Development\RunnerGuy\Controller.java. Using fallback presentation compiler.
2026.02.03 10:14:08 INFO  no build target found for C:\College\Stage_4_Term_2\COMP30540_Game_Development\RunnerGuy\Controller.java. Using fallback presentation compiler.
2026.02.03 10:14:08 INFO  no build target found for C:\College\Stage_4_Term_2\COMP30540_Game_Development\RunnerGuy\Controller.java. Using fallback presentation compiler.
2026.02.03 10:14:11 INFO  no build target found for C:\College\Stage_4_Term_2\COMP30540_Game_Development\RunnerGuy\Controller.java. Using fallback presentation compiler.
2026.02.03 10:14:11 INFO  no build target found for C:\College\Stage_4_Term_2\COMP30540_Game_Development\RunnerGuy\Controller.java. Using fallback presentation compiler.
2026.02.03 10:14:14 INFO  no build target found for C:\College\Stage_4_Term_2\COMP30540_Game_Development\RunnerGuy\Controller.java. Using fallback presentation compiler.
2026.02.03 10:14:15 WARN  no build target for: C:\College\Stage_4_Term_2\COMP30540_Game_Development\RunnerGuy\src\Controller.java
2026.02.03 10:14:15 INFO  no build target found for C:\College\Stage_4_Term_2\COMP30540_Game_Development\RunnerGuy\src\Controller.java. Using fallback presentation compiler.
2026.02.03 10:14:15 INFO  no build target found for C:\College\Stage_4_Term_2\COMP30540_Game_Development\RunnerGuy\src\Controller.java. Using fallback presentation compiler.
2026.02.03 10:14:15 INFO  no build target found for C:\College\Stage_4_Term_2\COMP30540_Game_Development\RunnerGuy\src\Controller.java. Using fallback presentation compiler.
2026.02.03 10:14:16 INFO  no build target found for C:\College\Stage_4_Term_2\COMP30540_Game_Development\RunnerGuy\src\Controller.java. Using fallback presentation compiler.
2026.02.03 10:14:15 INFO  no build target found for C:\College\Stage_4_Term_2\COMP30540_Game_Development\RunnerGuy\src\Controller.java. Using fallback presentation compiler.
2026.02.03 10:14:17 INFO  no build target found for C:\College\Stage_4_Term_2\COMP30540_Game_Development\RunnerGuy\src\Controller.java. Using fallback presentation compiler.
2026.02.03 10:14:17 INFO  no build target found for C:\College\Stage_4_Term_2\COMP30540_Game_Development\RunnerGuy\src\Controller.java. Using fallback presentation compiler.
2026.02.03 10:14:22 WARN  no build target for: C:\College\Stage_4_Term_2\COMP30540_Game_Development\RunnerGuy\src\MainWindow.java
2026.02.03 10:14:22 INFO  no build target found for C:\College\Stage_4_Term_2\COMP30540_Game_Development\RunnerGuy\src\MainWindow.java. Using fallback presentation compiler.
2026.02.03 10:14:22 INFO  no build target found for C:\College\Stage_4_Term_2\COMP30540_Game_Development\RunnerGuy\src\MainWindow.java. Using fallback presentation compiler.
